2222222222222222222222222222222222222222222222222222222222222222222222222222222222222222222222222222222222222222222222222222222222222222222222222222222222222222222222222222222222222222222222222222222222222222222222222222222222222222222222222222222222
2........................................................................................................................................................................................................................................................2
2..............................S....s............................................xxx.....................................................................................................................................................................2
2..............................^....^..........................................222222....................................................................................................................................................................2
2..............................^....^....................................................................................................................................................................................................................2
2...........................f..^....^...22...c......f.................................................hmh..............................xxx...............Sgs.........xxx.................................................................................2
2Ss..ff.....c..........222222222222222222..22222..2222222222222222222222222222222..2222222222222222222222222222222222.....s...2222222222222222222222222222222222222222222222222222222....................222..........xxx................................2
24444444444444444444..........................2.f..................................................................2222.....222.....................................................2222222222222222222222222222222222222222222222.......................2
2...................2..........ff..............22222.............................22......................................222.....................................................................................................222.....................2
2.S...mh.....................22222.............S....2..............................................................................................sf..ff..........................................................................222...................2
222222222.22222222222222222222................hgm...2222........................................................2222222222222222222222222222222222222222222..........................................................................222.................2
2...................22222222222222222....22..2222......2...................................................ff...2.........................................2............................................................................222...............2
2........Y......g....................22................22222.....................C........................2222............................................2...222222222222222222222222222222222222222222222..............................222..............
2........22....22......................22...................2..f.....................................f.f.2................................................2...............................................2................................222..xx........
2..................C.....................22..................22222.................................222222.................2...............................2..................................................................................2222222222222
2....222222222222222222....................2222...g...............2..f........................fff........C........gS..s..2..22..m.........................2..............................................................................................2
2..222................2......xx..................22222.............22222.....................22222......SHs.......22..2........222........................2...............................................2222222..xx....................................2
2.....................22222.2222.22...................2222..............2................ff.........2222222222.....................22.2.2.2..22.22........2...............................................2.....2222222..................................2
2..........................2....2.......Y......s..........2222...........222...........22222........................................................2.....2...............................................2...........2222...............................2
2................................222..22222.22222.............22222.........2...f...f...............................................................22....2...............................................2..............2222............................2
2.hf.........................222.....c.............................222.........22222222.............................................................222...2...............................................2.................2222.........................2
2222222..............................222................................2222222.....................................................................2222..................................................2....................2222......................2
22..............................hmh...................................22............................................................................22222.................................................2.......................222222...xxx............
22.......22222.................22222..................................................c..........................hc...........................hc....222222.....................xxxx.......................2............................22222222222........
22222222222222222222222222222222222222222222.................2222222222222222222222222222222222222222222222222222222222222222222222222222222222222222222222222222222222222222222222222222222222222222222222......................................222222222
2...........................................22...............2...........................................................................................................................................................................................2
2.............................................22.............2...........................................................................................................................................................................................2
2...............................................22...........2...........................................................................................................................................................................................2
2.................................................22.........2...........................................................................................................................................................................................2
2...................................................22..h....2.................................^..^......................................................................................................................................................2
2.....................................................22222..2................^................^..^...............................................................................................................h......................................2
2.........................................................2..2................^................^..^...............................................................................................................^......................................2
2.........................................................2..2................^................^..^............................................................................................................^..^..^...................................2
2.........................................................2..2.H..............^................^..^............................................................................................................^..^..^....................................
2.........................................................2..2YCY....xxx......^....xxx....22222222222222......xxx..............................................................................................^..^..^....................................
2.........................................................2..222222222222222222222222222222222222222222222222222222222222222222222222222222222222222222222222222222222222222222222222222222222222222222222222222222222222222222222222222222222222222222222
2.........................................................2..2...........................................................................................................................................................................................2
2.........................................................2..2...........................................................................................................................................................................................2
2.........................................................2.m2...........................................................................................................................................................................................2
2.........................................................2.22...........................................................................................................................................................................................2
2.........................................................2..2...........................................................................................................................................................................................2
2.........................................................2..2...........................................................................................................................................................................................2
2.........................................................2..2...........................................................................................................................................................................................2
2.........................................................2..2...........................................................................................................................................................................................2
2.........................................................2..2...........................................................................................................................................................................................2
2.........................................................2..2...........................................................................................................................................................................................2
2.........................................................2..2...........................................................................................................................................................................................2
2.........................................................2..2...........................................................................................................................................................................................2
2.........................................................2..2...........................................................................................................................................................................................2
2.........................................................2g.2...........................................................................................................................................................................................2
2.........................................................22.2...........................................................................................................................................................................................2
2.........................................................2..2...........................................................................................................................................................................................2
2.........................................................2..2...........................................................................................................................................................................................2
2.........................................................2..2...........................................................................................................................................................................................2
2.........................................................2..2...........................................................................................................................................................................................2
2.........................................................2..2...........................................................................................................................................................................................2
2.........................................................2..2...........................................................................................................................................................................................2
2.........................................................2..2...........................................................................................................................................................................................2
2.........................................................2..2...........................................................................................................................................................................................2
2.........................................................2..2...........................................................................................................................................................................................2
2.........................................................2..2...........................................................................................................................................................................................2
2.........................................................2..2...........................................................................................................................................................................................2
2.........................................................2..2...........................................................................................................................................................................................2
2.........................................................2..2...........................................................................................................................................................................................2
2.........................................................2..2...........................................................................................................................................................................................2
2.........................................................2..2...........................................................................................................................................................................................2
2.........................................................2..2...........................................................................................................................................................................................2
2.........................................................2..2...........................................................................................................................................................................................2
2.........................................................2..2...........................................................................................................................................................................................2
2.........................................................2..2...........................................................................................................................................................................................2
2.........................................................2..2...........................................................................................................................................................................................2
2.........................................................2..2...........................................................................................................................................................................................2
2.........................................................2..2...........................................................................................................................................................................................2
2.........................................................2.s2...........................................................................................................................................................................................2
2.........................................................2.h2...........................................................................................................................................................................................2
2.........................................................2.22...........................................................................................................................................................................................2
2.........................................................2..2...........................................................................................................................................................................................2
2.........................................................2..2...........................................................................................................................................................................................2
2.........................................................2..2...........................................................................................................................................................................................2
2.........................................................2..2...........................................................................................................................................................................................2
2.........................................................2..2...........................................................................................................................................................................................2
2.........................................................2..2...........................................................................................................................................................................................2
2.........................................................2..2...........................................................................................................................................................................................2
2.........................................................2..2...........................................................................................................................................................................................2
2.........................................................2..2...........................................................................................................................................................................................2
2.........................................................2..2...........................................................................................................................................................................................2
2.........................................................2..2...........................................................................................................................................................................................2
2.........................................................2..2...........................................................................................................................................................................................2
2.........................................................2..2...........................................................................................................................................................................................2
2.........................................................2..2...........................................................................................................................................................................................2
2.........................................................2..2...........................................................................................................................................................................................2
2.........................................................2..2...........................................................................................................................................................................................2
2.........................................................2..2...........................................................................................................................................................................................2
2.........................................................2..2...........................................................................................................................................................................................2
2.........................................................2..2...........................................................................................................................................................................................2
2.........................................................2..2...........................................................................................................................................................................................2
2.........................................................2..2...........................................................................................................................................................................................2
2.........................................................2..2...........................................................................................................................................................................................2
2.........................................................2..2...........................................................................................................................................................................................2
2.........................................................2..2...........................................................................................................................................................................................2
2.........................................................2..2...........................................................................................................................................................................................2
2.........................................................2..2...........................................................................................................................................................................................2
2.........................................................2..2...........................................................................................................................................................................................2
2.........................................................2..2...........................................................................................................................................................................................2
2.........................................................2..2...........................................................................................................................................................................................2
2.........................................................2S.2...........................................................................................................................................................................................2
2.........................................................2m.2...........................................................................................................................................................................................2
2.........................................................22.2...........................................................................................................................................................................................2
2.........................................................2..2...........................................................................................................................................................................................2
2.........................................................2..2...........................................................................................................................................................................................2
2.........................................................2..2...........................................................................................................................................................................................2
2.........................................................2..2...........................................................................................................................................................................................2
2.........................................................2..2...........................................................................................................................................................................................2
2.........................................................2..2...........................................................................................................................................................................................2
2.........................................................2..2...........................................................................................................................................................................................2
2.........................................................2..2...........................................................................................................................................................................................2
2.........................................................2.Y2...........................................................................................................................................................................................2
2.........................................................2.22...........................................................................................................................................................................................2
2.........................................................2.H2...........................................................................................................................................................................................2
2.........................................................2..2...........................................................................................................................................................................................2
2.........................................................2..2...........................................................................................................................................................................................2
2.........................................................2..2...........................................................................................................................................................................................2
2.........................................................2..2...........................................................................................................................................................................................2
2.........................................................2..2...........................................................................................................................................................................................2
2.........................................................2..2...........................................................................................................................................................................................2
2.........................................................2..2...........................................................................................................................................................................................2
2.........................................................2..2...........................................................................................................................................................................................2
2.........................................................2..2...........................................................................................................................................................................................2
2.........................................................2..2...........................................................................................................................................................................................2
2.........................................................2..2...........................................................................................................................................................................................2
2.........................................................2..2...........................................................................................................................................................................................2
2.........................................................2..2...........................................................................................................................................................................................2
2.........................................................2..2...........................................................................................................................................................................................2
2.........................................................2..2...........................................................................................................................................................................................2
2.........................................................2..2...........................................................................................................................................................................................2
2.........................................................2..2...........................................................................................................................................................................................2
2.........................................................2..2...........................................................................................................................................................................................2
2.........................................................2..2...........................................................................................................................................................................................2
2.........................................................2..2...........................................................................................................................................................................................2
2.........................................................2..2...........................................................................................................................................................................................2
2.........................................................2..2...........................................................................................................................................................................................2
2.........................................................2..2...........................................................................................................................................................................................2
2.........................................................2..2...........................................................................................................................................................................................2
2.........................................................2..2...........................................................................................................................................................................................2
2.........................................................2..2...........................................................................................................................................................................................2
2.........................................................2..2...........................................................................................................................................................................................2
2.........................................................2..2...........................................................................................................................................................................................2
2.........................................................2..2...........................................................................................................................................................................................2
2.........................................................2..2...........................................................................................................................................................................................2
2.........................................................2..2...........................................................................................................................................................................................2
2.........................................................2..2...........................................................................................................................................................................................2
2.........................................................2..2...........................................................................................................................................................................................2
2.........................................................2..2...........................................................................................................................................................................................2
2.........................................................2..2...........................................................................................................................................................................................2
2.........................................................2..2...........................................................................................................................................................................................2
2.........................................................2..2...........................................................................................................................................................................................2
2.........................................................2..2...........................................................................................................................................................................................2
2.........................................................2..2...........................................................................................................................................................................................2
2.........................................................2..2...........................................................................................................................................................................................2
2.........................................................2..2...........................................................................................................................................................................................2
2.........................................................2..2...........................................................................................................................................................................................2
2.........................................................2..2...........................................................................................................................................................................................2
2.........................................................2..2...........................................................................................................................................................................................2
2.........................................................2..2...........................................................................................................................................................................................2
2.........................................................2..2...........................................................................................................................................................................................2
2.........................................................2..2...........................................................................................................................................................................................2
2.........................................................2..2...........................................................................................................................................................................................2
2.........................................................2..2...........................................................................................................................................................................................2
2.........................................................2..2...........................................................................................................................................................................................2
2.........................................................2..2........................................................................................................................................................N..................................2
2.........................................................2..2...........................................................................................................................................................................................2
2.........................................................2..2...........................................................................................................................................................................................2
2.........................................................2..2.......................................................................................................................................................222.................................2
2......................................................2222..2......................................................................................................................................................R2.2c................................2
2......................................................2.........................................................................................................................................................22222.22222.............................2
2......................................................2................................................................xxxxxxx..........................................................................................................................2
2......................................................2.2222222222222222222222222222222222222222222222222222222222222222222222222222222222222222222222222222222222222222222222222222222222222222222222222222222222222222222222222222222222222222222222222
2......................................................2.....2...........................................................................................................................................................................................2
2......................................................2222..2...........................................................................................................................................................................................2
2.........................................................2..2...........................................................................................................................................................................................2
2..............sS..........fff.........22...c.....ff..................xxxx.................xxx.......hmh................................................Sgs..............................................................................................2
2SH.............!!.....222222222222222222..22222..222222222222.222222222222222222..2222222222222222222222222222222222.....s...22222222222222222222222.222222.............................................................................................2
244444446..7$$$$111...........................2.f...............................2..................................222222222222.....................2....................................................................................................2
2.......2...........22222222...ff..............22222...........2HYSs............2........................................................................................................................................................................2
2.......2...................222222....2222.....S....2..........22222222222......2...................................xxxx..........................Ssffffff...............................................................................................2
2.......22222222222222.......................Yhgm...2222.................2222...................................22222222222222222222222222222222222222222222222222222....................................................................................2
2....................222........22222....22222222........ff.................22222...........................f...2...................................................22222................................................................................2
2...............g..........222....................2222222222..............................................2222222.........................................H.............2222.............................................................................2
2.......222....222......................2...................2.ff..............xxx.....................ff.2...............................................SsS...............22222.........C...............................................................2
2......H2222.....2.....222.............2....................22222.......222222222222222............2222222...............h..............................ghmY...................2222222222222222222222....................................................2
2....2222.222.....22.............22222............g...............2.ff.........................ff.................gS..s..2..22..m.......................2222........................................22222................................................2
2.........2.........2............................222...............22222.....................22222..........S.....22..2........22....................222................................................22222222.........................................2
2.........2..........2........22222.....................................2................f.................222..22.................22.2.2.2..22.22222..........................................................2222222..h................................2
2.........2...........22.......................s.........................222...........22222......222.222.2..........................................................................................................2222222.............................2
2.........2..............22.......22222222222222222222....................22......ff.......................................................................................................................................2222222.......................2
2h...........................222.......c.......................................22222222..........................................................................................................................................2222222.................2
22...............................S...22222..............................22222222......................................................................h................................................................................2222222...........2
2...........2...................hmh...................................222...........................................................................22222.................................................................................................
2....m...22222...ffffsfff..2...22222..........................................................xxxx...............hcm.......xxxxxx...................222222sS..............................................................................................
2222222222222222222222222222222222222222222222222222222222222222222222222222222222222222222222222222222222222222222222222222222222222222222222222222222222222222222222222222222222222222222222222222222222222222222222222222222222222222222222222222222222
