##########################################################################################################################################################################################################################################################
#........................................................................................................................................................................................................................................................#
#........................................................................................................................................................................................................................................................#
#.........................................#####..................................s.......................................................................................................................................................................#
#...................................^....................................................................................................................................................................................................................#
#...........................xxx.....^...##...c.....xx.................................................hmh................................................Sgs.............................................................................................#
#...........c..........##################..#####..###############################..##################################.....s...#######################################################....................###.............................................#
######......########..........................#xx..................................................................####.....###.....................................................##############################################.......................#
#...................#..........xx..............#####.............................##......................................###.....................................................................................................###.....................#
#............................#####.............S....#..............................................................................................sxxxxxx.........................................................................###...................#
#######...####################................hgm...####........................................................###########################################..........................................................................###..........T......#
#...................#################....##..####........xx................................................xx...#.........................................#............................................................................###...............#
#...............g....................##.................####.....................C........................####............................................#...#############################################..............................###..............
#........####..####....................##...................#.xx.....................................xxx.#................................................#...............................................#................................###............
#..................C.....................##..................#####.................................######.................@...............................#..................................................................................#############
#....##################....................####...g...............#.xx........................xxx........C........gS..s..@..@@..m.........................#..............................................................................................#
#..###................#xsSx......................#####.............#####.....................#####....J.SHs.......@@..@........@@@........................#...............................................#######........................................#
#.....................#####.####.##...................####..............#..............xxxx.........@@@@@@@@@@.....................@@.@.@.@..@@.@@........#...............................................#.....#######..................................#
#..........................#....#.......Y......s..........####...........###...........#####........................................................#.....#...............................................#...........####...............................#
#................................###..#####.#####.............#####.........#...x.xxx...............................................................##....#...............................................#..............####...............T............#
#xhx.........................###.....c.............................###.........########.............................................................###...#................T..............T...............#.................####.........................#
#######..............................###................................#######.....................................................................####..................................................#....................####......................#
##..............................hmh...................................##............................................................................#####.................................................#.......................######..................
##.......#####.................#####..................................................c..........................hc...........................hc....######............J..........J........................#............................###########........
############################################.................##############################################################################################################################################......................................#########
#...........................................##...............#...........................................................................................................................................................................................#
#.............................................##.............#...........................................................................................................................................................................................#
#...............................................##...........#...........................................................................................................................................................................................#
#.................................................##.........#...........................................................................................................................................................................................#
#...................................................##..h....#.................................^..^......................................................................................................................................................#
#.....................................................#####..#................^................^..^...............................................................................................................h......................................#
#.........................................................#..#......T.........^......T.........^..^..........T.......................T..............................T.............................................^......................................#
#.........................................................#..#................^................^..^............................................................................................................^..^..^...................................#
#.........................................................#..#.H..............^................^xx^............................................................................................................^..^..^...................................#
#.........................................................#..#YCY.............^...........##############..................J..................J..............................................J.................^..^..^...................J................#
#.........................................................#..#############################################################################################################################################################################################
#.........................................................#..#...........................................................................................................................................................................................#
#.........................................................#..#...........................................................................................................................................................................................#
#.........................................................#.m#...........................................................................................................................................................................................#
#.........................................................#.##...........................................................................................................................................................................................#
#.........................................................#..#...........................................................................................................................................................................................#
#.........................................................#..#...........................................................................................................................................................................................#
#.........................................................#..#...........................................................................................................................................................................................#
#.........................................................#..#...........................................................................................................................................................................................#
#.........................................................#..#...........................................................................................................................................................................................#
#.........................................................#..#...........................................................................................................................................................................................#
#.........................................................#..#...........................................................................................................................................................................................#
#.........................................................#..#...........................................................................................................................................................................................#
#.........................................................#..#...........................................................................................................................................................................................#
#.........................................................#g.#...........................................................................................................................................................................................#
#.........................................................##.#...........................................................................................................................................................................................#
#.........................................................#..#...........................................................................................................................................................................................#
#.........................................................#..#...........................................................................................................................................................................................#
#.........................................................#..#...........................................................................................................................................................................................#
#.........................................................#..#...........................................................................................................................................................................................#
#.........................................................#..#...........................................................................................................................................................................................#
#.........................................................#..#...........................................................................................................................................................................................#
#.........................................................#..#...........................................................................................................................................................................................#
#.........................................................#..#...........................................................................................................................................................................................#
#.........................................................#..#...........................................................................................................................................................................................#
#.........................................................#..#...........................................................................................................................................................................................#
#.........................................................#..#...........................................................................................................................................................................................#
#.........................................................#..#...........................................................................................................................................................................................#
#.........................................................#..#...........................................................................................................................................................................................#
#.........................................................#..#...........................................................................................................................................................................................#
#.........................................................#..#...........................................................................................................................................................................................#
#.........................................................#..#...........................................................................................................................................................................................#
#.........................................................#..#...........................................................................................................................................................................................#
#.........................................................#..#...........................................................................................................................................................................................#
#.........................................................#..#...........................................................................................................................................................................................#
#.........................................................#..#...........................................................................................................................................................................................#
#.........................................................#..#...........................................................................................................................................................................................#
#.........................................................#..#...........................................................................................................................................................................................#
#.........................................................#.s#...........................................................................................................................................................................................#
#.........................................................#.h#...........................................................................................................................................................................................#
#.........................................................#.##...........................................................................................................................................................................................#
#.........................................................#..#...........................................................................................................................................................................................#
#.........................................................#..#...........................................................................................................................................................................................#
#.........................................................#..#...........................................................................................................................................................................................#
#.........................................................#..#...........................................................................................................................................................................................#
#.........................................................#..#...........................................................................................................................................................................................#
#.........................................................#..#...........................................................................................................................................................................................#
#.........................................................#..#...........................................................................................................................................................................................#
#.........................................................#..#...........................................................................................................................................................................................#
#.........................................................#..#...........................................................................................................................................................................................#
#.........................................................#..#...........................................................................................................................................................................................#
#.........................................................#..#...........................................................................................................................................................................................#
#.........................................................#..#...........................................................................................................................................................................................#
#.........................................................#..#...........................................................................................................................................................................................#
#.........................................................#..#...........................................................................................................................................................................................#
#.........................................................#..#...........................................................................................................................................................................................#
#.........................................................#..#...........................................................................................................................................................................................#
#.........................................................#..#...........................................................................................................................................................................................#
#.........................................................#..#...........................................................................................................................................................................................#
#.........................................................#..#...........................................................................................................................................................................................#
#.........................................................#..#...........................................................................................................................................................................................#
#.........................................................#..#...........................................................................................................................................................................................#
#.........................................................#..#...........................................................................................................................................................................................#
#.........................................................#..#...........................................................................................................................................................................................#
#.........................................................#..#...........................................................................................................................................................................................#
#.........................................................#..#...........................................................................................................................................................................................#
#.........................................................#..#...........................................................................................................................................................................................#
#.........................................................#..#...........................................................................................................................................................................................#
#.........................................................#..#...........................................................................................................................................................................................#
#.........................................................#..#...........................................................................................................................................................................................#
#.........................................................#S.#...........................................................................................................................................................................................#
#.........................................................#m.#...........................................................................................................................................................................................#
#.........................................................##.#...........................................................................................................................................................................................#
#.........................................................#..#...........................................................................................................................................................................................#
#.........................................................#..#...........................................................................................................................................................................................#
#.........................................................#..#...........................................................................................................................................................................................#
#.........................................................#..#...........................................................................................................................................................................................#
#.........................................................#..#...........................................................................................................................................................................................#
#.........................................................#..#...........................................................................................................................................................................................#
#.........................................................#..#...........................................................................................................................................................................................#
#.........................................................#..#...........................................................................................................................................................................................#
#.........................................................#.Y#...........................................................................................................................................................................................#
#.........................................................#.##...........................................................................................................................................................................................#
#.........................................................#.H#...........................................................................................................................................................................................#
#.........................................................#..#...........................................................................................................................................................................................#
#.........................................................#..#...........................................................................................................................................................................................#
#.........................................................#..#...........................................................................................................................................................................................#
#.........................................................#..#...........................................................................................................................................................................................#
#.........................................................#..#...........................................................................................................................................................................................#
#.........................................................#..#...........................................................................................................................................................................................#
#.........................................................#..#...........................................................................................................................................................................................#
#.........................................................#..#...........................................................................................................................................................................................#
#.........................................................#..#...........................................................................................................................................................................................#
#.........................................................#..#...........................................................................................................................................................................................#
#.........................................................#..#...........................................................................................................................................................................................#
#.........................................................#..#...........................................................................................................................................................................................#
#.........................................................#..#...........................................................................................................................................................................................#
#.........................................................#..#...........................................................................................................................................................................................#
#.........................................................#..#...........................................................................................................................................................................................#
#.........................................................#..#...........................................................................................................................................................................................#
#.........................................................#..#...........................................................................................................................................................................................#
#.........................................................#..#...........................................................................................................................................................................................#
#.........................................................#..#...........................................................................................................................................................................................#
#.........................................................#..#...........................................................................................................................................................................................#
#.........................................................#..#...........................................................................................................................................................................................#
#.........................................................#..#...........................................................................................................................................................................................#
#.........................................................#..#...........................................................................................................................................................................................#
#.........................................................#..#...........................................................................................................................................................................................#
#.........................................................#..#...........................................................................................................................................................................................#
#.........................................................#..#...........................................................................................................................................................................................#
#.........................................................#..#...........................................................................................................................................................................................#
#.........................................................#..#...........................................................................................................................................................................................#
#.........................................................#..#...........................................................................................................................................................................................#
#.........................................................#..#...........................................................................................................................................................................................#
#.........................................................#..#...........................................................................................................................................................................................#
#.........................................................#..#...........................................................................................................................................................................................#
#.........................................................#..#...........................................................................................................................................................................................#
#.........................................................#..#...........................................................................................................................................................................................#
#.........................................................#..#...........................................................................................................................................................................................#
#.........................................................#..#...........................................................................................................................................................................................#
#.........................................................#..#...........................................................................................................................................................................................#
#.........................................................#..#...........................................................................................................................................................................................#
#.........................................................#..#...........................................................................................................................................................................................#
#.........................................................#..#...........................................................................................................................................................................................#
#.........................................................#..#...........................................................................................................................................................................................#
#.........................................................#..#...........................................................................................................................................................................................#
#.........................................................#..#...........................................................................................................................................................................................#
#.........................................................#..#...........................................................................................................................................................................................#
#.........................................................#..#...........................................................................................................................................................................................#
#.........................................................#..#...........................................................................................................................................................................................#
#.........................................................#..#...........................................................................................................................................................................................#
#.........................................................#..#...........................................................................................................................................................................................#
#.........................................................#..#...........................................................................................................................................................................................#
#.........................................................#..#...........................................................................................................................................................................................#
#.........................................................#..#........................................................................................................................................................N..................................#
#.........................................................#..#...........................................................................................................................................................................................#
#.........................................................#..#...........................................................................................................................................................................................#
#.........................................................#..#..................T......................T.............................T............T........................T........................T................###.............T...................#
#......................................................####..#......................................................................................................................................................R#.#c................................#
#......................................................#.........................................................................................................................................................#####.#####.............................#
#......................................................#.....................................J............................................J..................................J.................J.........................................J...............#
#......................................................#.#################################################################################################################################################################################################
#................................T.....................#.....#...........................................................................................................................................................................................#
#......................................................####..#...........................................................................................................................................................................................#
#.........................................................#..#...........................................................................................................................................................................................#
#..............sS..........xxx.........##...c.....xx....................................J............hmh................................................Sgs..............................................................................................#
#SH.............!!.....##################..#####..############.##################..##################################.....s...#######################.######...T.........................................................................................#
#44444446..7$$$$111...........................#xx...............................#..................................############.....................#....................................................................................................#
#.......#...........########...xx..............#####...........#HYSs............#........................................................................................................................................................................#
#.......#...................######....####.....S....#..........###########......#.................................................................Ssxxxxxx...............................................................................................#
#.......##############xx.....................Yhgm...####.................####...................................#####################################################....................T...............................................................#
#....................###........#####....########........xx.................#####..........................xx...#...................................................#####................................................................................#
#...............g..........###....................##########..............................................#######.........................................H.............####.............................................................................#
#.......###....###......................#...................#.xx................J....................xxx.#...............................................SsS...............#####.........C...............................................................#
#......H####.....#.....###.............#....................#####.......###############............#######...............h..............................ghmY...................######################....................................................#
#....####.###.....##.............#####............g...............#.xx........................xxx.................gS..s..@..@@..m.......................@@@@........................................#####................................................#
#.........#.........#............................###...............#####.....................#####..........S.....@@..@........@@.................J..@@@................................................########.....................T...................#
#.........#..........#........#####.....................................#..............xxxx................@@@..@@.................@@.@.@.@..@@.@@@@@..........................................................#######..h................................#
#.........#...........##.......................s.........................###...........#####......@@@.@@@.@..........................................................................................................#######.............................#
#.........#..............##.......####################....................##...xxxxx.......................................................................................................................................#######.......................#
#h...........................###.......c.....................T.................########................................T.....................................................................T...................................#######.................#
##...............................S...#####..............................########......................................................................h................................................................................#######...........#
#...........#...................hmh...................................###...........................................................................#####.................................................................................................
#....m...#####...xxxxsxxxxx#...#####...................J.........................................................hcm................................######sS............J........................J........................................................
##########################################################################################################################################################################################################################################################
