#........................................................................................................................................................................................................................................................#
#........................................................................................................................................................................................................................................................#
#.......................T.T....S....s....................F...........TTT........TT........T................TT....................TT.....T.....TTT.....................TTF....TT..........................................................................#
#....E.........................^....^....................................................................................................................................................T.......T.............T....T.T....F.T...........................#
#..............................^....^....................................................................................................................................................................................................................#
#.......................h....xx^....^...""...c.....xx....m......J.........................J...........hmh................................................Sgs.............................................................................................#
#Ss....R....c....p....."""""""""""""""""#.."""""..""""""""""""""""""""""""""""""""""""""""""""""""""""""""""""""""""".....s..."""""""""""""""""""""""""""""""""""""""""""""""""""""""...................."""............J................................#
#44"""""444444444444..........................#xx..................................................................##"".....""#.....................................................#""""""""""""""""""""###"""""""""""""""""""""".......................#
#..................."..........xx..............""""".............................""......................................"""..................................................................................................####"".....................#
#.S...mh.....J...........p...""""".............S...."..............................................................................................sxxxxxx.................................................................""".....#""...................#
#""""""""."""""""""""""""""""#................hgm...#"""........................................................"""""""""""""""""""""""""""""""""""""""""""............................................................."""..........#"".........T.......#
#...................##########"""""""....""..""""........xx................................................xx.""#.........................................#.......................................................""""""...............#""...............#
#........Y......g....................""................."""".....................C........................"""#............................................#..................................................""""".......................#""..............
#........""....""......................""...................".xx.....................................xxx."................................................#.................J............................."""..............................#""............
#..................C.....................""..................""""".................................""""""................."...............................#...""""""""""""""""""""""""""""""""""""""""""""...................................#"""""""""""#
#....""""""""""""""""""....................""""...g...............".xx........................xxx........C........gS..s.."..""..m.........................#..............................................................................................#
#..""#................#xsSx......................"""""............."""""....................."""""......SHs....""""".."........"""........................#..............................................................................................#
#.....................#""""."""".""..................."""".............."..............xxxx.........""""""""""....................."".".".".."".""........#..............................................."""""""""""""..................................#
#.........................."....".......Y......s..........""""..........."""..........."""""........................................................".....#...............................................#...........#"""...............................#
#................................""".."""""."""""............."""""........."...x.xxx...............................................................#"....#...............................................#..............#""".............T..............#
#xhx.........................""".....c............................."""........."""""""".............TT.................T...........TTFF.............##"...#.....T...........TT.....FTT......TT.......T....#.................#""".....................T...#
#"""""#.............................."""................................""""""".....................................................................###"..................................................#....................#"""......................#
##..............................hmh...................................""............................................................................####".................................................#.......................#"""""..................
##......."""""......J.........."""""..................................................c...............J..........hc...........................hc....#####"................................................#............................#""""""""""........
##"""""""#####"""""""""""""""""#####""""""""................."""""""""""""""""""""""""""""""""""""""""""""""""""""""""""""""""""""""""""""""""""""""######""""""""""""""""""""""""""""""""""""""""""""""""#......................................#"""""""#
#...........................................""...............#...........................................................................................................................................................................................#
#............................................."".............#...........................................................................................................................................................................................#
#...............................................""...........#...........................................................................................................................................................................................#
#................................................."".........#...........................................................................................................................................................................................#
#...................................................""..h....#.................................^..^......................................................................................................................................................#
#.....................................................""""#..#................^................^..^...............................................................................................................h......................................#
#.........................................................#..#................^................^..^...............................................................................................................^......................................#
#.........................................................#..#................^................^..^............................................................................................................^..^..^...................................#
#.........................................................#..#.H..............^................^xx^............................................................................................................^..^..^...................................#
#.........................................................#..#YCY......J......^...........""""""""""""""........................................J..............................................................^..^..^...................................#
#.........................................................#..#""""""""""""""""""""""""""""##############"""""""""""""""""""""""""""""""""""""""""""""""""""""""""""""""""""""""""""""""""""""""""""""""""""""""""""""""""""""""""""""""""""""""""""""""""#
#.........................................................#..#...........................................................................................................................................................................................#
#.........................................................#..#...........................................................................................................................................................................................#
#.........................................................#.m#...........................................................................................................................................................................................#
#.........................................................#.##...........................................................................................................................................................................................#
#.........................................................#..#...........................................................................................................................................................................................#
#.........................................................#..#...........................................................................................................................................................................................#
#.........................................................#..#...........................................................................................................................................................................................#
#.........................................................#..#...........................................................................................................................................................................................#
#.........................................................#..#...........................................................................................................................................................................................#
#.........................................................#..#...........................................................................................................................................................................................#
#.........................................................#..#...........................................................................................................................................................................................#
#.........................................................#..#...........................................................................................................................................................................................#
#.........................................................#..#...........................................................................................................................................................................................#
#.........................................................#g.#...........................................................................................................................................................................................#
#.........................................................##.#...........................................................................................................................................................................................#
#.........................................................#..#...........................................................................................................................................................................................#
#.........................................................#..#...........................................................................................................................................................................................#
#.........................................................#..#...........................................................................................................................................................................................#
#.........................................................#..#...........................................................................................................................................................................................#
#.........................................................#..#...........................................................................................................................................................................................#
#.........................................................#..#...........................................................................................................................................................................................#
#.........................................................#..#...........................................................................................................................................................................................#
#.........................................................#..#...........................................................................................................................................................................................#
#.........................................................#..#...........................................................................................................................................................................................#
#.........................................................#..#...........................................................................................................................................................................................#
#.........................................................#..#...........................................................................................................................................................................................#
#.........................................................#..#...........................................................................................................................................................................................#
#.........................................................#..#...........................................................................................................................................................................................#
#.........................................................#..#...........................................................................................................................................................................................#
#.........................................................#..#...........................................................................................................................................................................................#
#.........................................................#..#...........................................................................................................................................................................................#
#.........................................................#..#...........................................................................................................................................................................................#
#.........................................................#..#...........................................................................................................................................................................................#
#.........................................................#..#...........................................................................................................................................................................................#
#.........................................................#..#...........................................................................................................................................................................................#
#.........................................................#..#...........................................................................................................................................................................................#
#.........................................................#..#...........................................................................................................................................................................................#
#.........................................................#.s#...........................................................................................................................................................................................#
#.........................................................#.h#...........................................................................................................................................................................................#
#.........................................................#.##...........................................................................................................................................................................................#
#.........................................................#..#...........................................................................................................................................................................................#
#.........................................................#..#...........................................................................................................................................................................................#
#.........................................................#..#...........................................................................................................................................................................................#
#.........................................................#..#...........................................................................................................................................................................................#
#.........................................................#..#...........................................................................................................................................................................................#
#.........................................................#..#...........................................................................................................................................................................................#
#.........................................................#..#...........................................................................................................................................................................................#
#.........................................................#..#...........................................................................................................................................................................................#
#.........................................................#..#...........................................................................................................................................................................................#
#.........................................................#..#...........................................................................................................................................................................................#
#.........................................................#..#...........................................................................................................................................................................................#
#.........................................................#..#...........................................................................................................................................................................................#
#.........................................................#..#...........................................................................................................................................................................................#
#.........................................................#..#...........................................................................................................................................................................................#
#.........................................................#..#...........................................................................................................................................................................................#
#.........................................................#..#...........................................................................................................................................................................................#
#.........................................................#..#...........................................................................................................................................................................................#
#.........................................................#..#...........................................................................................................................................................................................#
#.........................................................#..#...........................................................................................................................................................................................#
#.........................................................#..#...........................................................................................................................................................................................#
#.........................................................#..#...........................................................................................................................................................................................#
#.........................................................#..#...........................................................................................................................................................................................#
#.........................................................#..#...........................................................................................................................................................................................#
#.........................................................#..#...........................................................................................................................................................................................#
#.........................................................#..#...........................................................................................................................................................................................#
#.........................................................#..#...........................................................................................................................................................................................#
#.........................................................#..#...........................................................................................................................................................................................#
#.........................................................#..#...........................................................................................................................................................................................#
#.........................................................#..#...........................................................................................................................................................................................#
#.........................................................#S.#...........................................................................................................................................................................................#
#.........................................................#m.#...........................................................................................................................................................................................#
#.........................................................##.#...........................................................................................................................................................................................#
#.........................................................#..#...........................................................................................................................................................................................#
#.........................................................#..#...........................................................................................................................................................................................#
#.........................................................#..#...........................................................................................................................................................................................#
#.........................................................#..#...........................................................................................................................................................................................#
#.........................................................#..#...........................................................................................................................................................................................#
#.........................................................#..#...........................................................................................................................................................................................#
#.........................................................#..#...........................................................................................................................................................................................#
#.........................................................#..#...........................................................................................................................................................................................#
#.........................................................#.Y#...........................................................................................................................................................................................#
#.........................................................#.##...........................................................................................................................................................................................#
#.........................................................#.H#...........................................................................................................................................................................................#
#.........................................................#..#...........................................................................................................................................................................................#
#.........................................................#..#...........................................................................................................................................................................................#
#.........................................................#..#...........................................................................................................................................................................................#
#.........................................................#..#...........................................................................................................................................................................................#
#.........................................................#..#...........................................................................................................................................................................................#
#.........................................................#..#...........................................................................................................................................................................................#
#.........................................................#..#...........................................................................................................................................................................................#
#.........................................................#..#...........................................................................................................................................................................................#
#.........................................................#..#...........................................................................................................................................................................................#
#.........................................................#..#...........................................................................................................................................................................................#
#.........................................................#..#...........................................................................................................................................................................................#
#.........................................................#..#...........................................................................................................................................................................................#
#.........................................................#..#...........................................................................................................................................................................................#
#.........................................................#..#...........................................................................................................................................................................................#
#.........................................................#..#...........................................................................................................................................................................................#
#.........................................................#..#...........................................................................................................................................................................................#
#.........................................................#..#...........................................................................................................................................................................................#
#.........................................................#..#...........................................................................................................................................................................................#
#.........................................................#..#...........................................................................................................................................................................................#
#.........................................................#..#...........................................................................................................................................................................................#
#.........................................................#..#...........................................................................................................................................................................................#
#.........................................................#..#...........................................................................................................................................................................................#
#.........................................................#..#...........................................................................................................................................................................................#
#.........................................................#..#...........................................................................................................................................................................................#
#.........................................................#..#...........................................................................................................................................................................................#
#.........................................................#..#...........................................................................................................................................................................................#
#.........................................................#..#...........................................................................................................................................................................................#
#.........................................................#..#...........................................................................................................................................................................................#
#.........................................................#..#...........................................................................................................................................................................................#
#.........................................................#..#...........................................................................................................................................................................................#
#.........................................................#..#...........................................................................................................................................................................................#
#.........................................................#..#...........................................................................................................................................................................................#
#.........................................................#..#...........................................................................................................................................................................................#
#.........................................................#..#...........................................................................................................................................................................................#
#.........................................................#..#...........................................................................................................................................................................................#
#.........................................................#..#...........................................................................................................................................................................................#
#.........................................................#..#...........................................................................................................................................................................................#
#.........................................................#..#...........................................................................................................................................................................................#
#.........................................................#..#...........................................................................................................................................................................................#
#.........................................................#..#...........................................................................................................................................................................................#
#.........................................................#..#...........................................................................................................................................................................................#
#.........................................................#..#...........................................................................................................................................................................................#
#.........................................................#..#...........................................................................................................................................................................................#
#.........................................................#..#...........................................................................................................................................................................................#
#.........................................................#..#...........................................................................................................................................................................................#
#.........................................................#..#...........................................................................................................................................................................................#
#.........................................................#..#...........................................................................................................................................................................................#
#.........................................................#..#...........................................................................................................................................................................................#
#.........................................................#..#...........................................................................................................................................................................................#
#.........................................................#..#...........................................................................................................................................................................................#
#.........................................................#..#...........................................................................................................................................................................................#
#.........................................................#..#...........................................................................................................................................................................................#
#.........................................................#..#...........................................................................................................................................................................................#
#.........................................................#..#...........TT.........TTT.........TT................TT............TTT..........TTTT.................FTT...............T....TT...........TTT..............TT...........FTF..................#
#......................................................####..#...........................................................................................................................................................................................#
#......................................................#.................................................................................................................................................................................................#
#......................................................#.................................................J............................................J.......................................................J..........................................#
#......................................................#.""""""""""""""""""""""""""""""""""""""""""""""""""""""""""""""""""""""""""""""""""""""""""""""""""""""""""""""""""""""""""""""""""""""""""""""""""""""""""""""""""""""""""""""""""""""""""""""""#
#......................................................#.....#...........................................................................................................................................................................................#
#......................................................####..#...........................................................................................................................................................................................#
#.........................................................#..#...........................................................................................................................................................................................#
#..............sS..........xxx.........##...c.....xx..........................................J......hmh................................................Sgs..............................................................................................#
#SH.............!!.....##################..#####..############.##################..##################################.....s...#######################.######.............................................................................................#
#44444446..7$$$$111...........................#xx...............................#..................................############.....................#....................................................................................................#
#.......#...........########...xx..............#####...........#HYSs............#........................................................................................................................................................................#
#.......#...................######....####.....S....#..........###########......#.................................................................Ssxxxxxx...............................................................................................#
#.......##############xx.....................Yhgm...####.................####..................................."""""""""""""""""""""""""""""""""""""""""""""""""""""....................................................................................#
#....................###........#####....########........xx.................#####..........................xx...#...................................................#""""................................................................................#
#...............g..........###....................##########..............................................""""""#.........................................H.............#""".............................................................................#
#.......###....###......................#...................#.xx.....................................xxx."...............................................SsS...............#"""".........C...............................................................#
#......H####.....#.....###.............#....................#####.......###############............""""""#...............h..............................ghmY...................#"""""""""""""""""""""....................................................#
#....####.###.....##.............#####............g...............#.xx........................xxx.................gS..s..@..@@..m.......................@@@@........................................#""""................................................#
#.........#.........#............................###...............#####....................."""""..........S.....@@..@........@@....................@@@................................................#""""""".........................................#
#.........#..........#........#####.....................................#..............xxxx................@@@..@@.................@@.@.@.@..@@.@@@@@..........................................................#""""""..h................................#
#.........#...........##.......................s.........................###..........."""""......@@@.@@@.@..........................................................................................................#"""""".............................#
#.........#..............##.......####################....................##...xxxxx.......................................................................................................................................#"""""".......................#
#R...........................###.......c................TTT...................."""""""".......TT.......................TTT.TT.........................................TTT.......TTTT.......TT....................................#"""""".................#
#"...............................S...#####.............................."""""""#......................................................................h................................................................................#""""""...........#
#...........#...................hmh...................................""#...........................................................................""""".................................................................................................
#........#####...xxxxsxxxxx"...""""".................................................................J...........hcm................J...............#####"sS..............................................................................................
######"""#####""""""""""""""""""""""""""""""""""""""""""""""""""""""""""""""""""""""""""""""""""""""""""""""""""""""""""""""""""""""""""""""""""""""######"""""""""""""""""""""""""""""""""""""""""""""""""""""""""""""""""""""""""""""""""""""""""""""""#
