#........................................................................................................................................................................................................................................................#
#..T.....................................................................................................................................................................................................................................................#
#..............................S....s..............................................................................................................................................................................................T.T...................#
#..............................^....^............................................s.................................................................................................................................""""........................""""""""""#
#...R..........................^....^...................................................................................""""...................."""""........""""""......................................................"""................"""..........#
#"""""......................xxx^....^...""...c.....xx............J....................................hmh............"""....""...............""".....""""""""......"""""""....."""""".........................."""".........""""........"""".............#
#............J........."""""""""""""""""#.."""""..""""""""""""""""""""""""""""""".."""""........"""""""""""""""""""""....T....""""""""""""""".....T......................."""""........"".""."""""""""..."""...................."""""""".................#
#...""""""""""""""""..........................#xx......................................."""".............................................................................................................................................................#
#..................."..........xx.............."""""............................."".........""""...............................................................T.T.....TT.T..............................................................................#
#.S...mh.."""""""""".........""""".............S...."...........................................""""...............J.......................................................................................""""""""""""""..............T.................#
#""""""""...........""".......................hgm...#"""............................................"""........."""""""""""""""""""""""""""""""""""""""""""..............................................................""""...................T........#
#...................###"""...."""""""....""..""""........xx............................................"""....""#.........................................#................................J.................................""""........................#
................g........."""........""................."""".....................C........................"""##...........................................#""""""""""""""""""""""""""""""""""""""""""""""""......................"""......................
.........""....""............""........""...................".xx..........................................................................................#...............................................#.........................""""""""""............
#####..............C..........."""......."""................."""""...........................................................................................................................................................................#"""""""""""#
#....""""""......."""""..........."""......."""...g...............".xx...................................................................................................................................................................................#
#..""#...""...........#xsSx..........""".........""""".............""""".................................................................................................................................................................................#
#.........."".........#""""."""".""....."""".........."""".............."................................................................................................................................."""""""""""""..................................#
#............"""..........."....".......Y......s..........""""..........."""............................................................................TTT.......TT.T.....T..............................#...........#"""...............................#
#...............""...............""".."""""."""""............."""""........."...x.xxx.................................................................................................................."""#..............#"""............................#
#xhx.............."""....T...""".....c............................."""........."""""""".........................................................................................................""""""".....................#""".........................#
#"""""#.............."".............."""................................""""""".........................................................................................................""""""""...............................J.........................#
................................hmh..................................."".......................TTT..................................................""""""""""""""""""""""""""""....""""......................................""""""""....................
..............................."""""...........................................................................TT.............................."""""......................................................................................................
##"""""""......""""""""""""""""#####""""""""........................"""""""""""""""...................................................""""""""".............................................................J..................................""""""""""#
#........""""...............................""...................""................"""""""...........J.........................."""""".........................................."""""""""""""""""""""""""""""""""""""""""""""""""""""""""""""""..........#
#.............................................""..............."".........................""""""""""""""""............""""""""""............................................"""".........................................................................#
#.........""""""................................""...........""##""""""""................................."""""""""""".................................................."""".............................................................................#
#..............."""".............................."".........#...........""""........................................................................................""".................................................................................#
#...................................................""..h....#"""............""""""..............................................................................""""....................................................................................#
#...................""""........T.....................""""#..#....................."""""......................................................................""".................................................h......................................#
#.........................................................#..#.......TT......T..........""""...................TTT.............T.....T....................."""....................................................^......................................#
#.......................""""".............................#..#...................................TT....................................................""""....................................................^..^..^...................................#
#.........................................................#..#......................................................................................"""........................................................^..^..^...................................#
#............................"""""""......................#..#...................................................................................."".........................................J.................^..^..^...................J...............#
#.........................................................#..#""""""""""""""""""""""""""""".............""""""""""""""""""""""""""""""""""""""""""...............................""""""""""""""""""""""""""""""""""""""""""""""""""""""""""""""""""""""""#
#...................................""""".................#..#.............................""""""""""""".................................................................................................................................................#
#.........................................................#..#...........................................................................................................................................................................................#
#........................................""""""...........#.m#...........................................................................................................................................................................................#
#.........................................................#.##...........................................................................................................................................................................................#
#.............................................."""""..""""#..#..........................""""""...........................................................................................................................................................#
#.........................................................#..........................""".................................................................................................................................................................#
#................................................................................."""....................................................................................................................................................................#
#...................................................""""""#""""""""""""""""""""""".......................................................................................................................................................................#
#R................TTT......TT..................."""".....................................................................................................................................................................................................#
#""........................................."""".........................................................................................................................................................................................................#
#......................................."""".............................................................................................................................................................................................................#
#..................................."""".................................................................................................................................................................................................................#
#""""....."""""""""""""""""""""""""".....................................................................................................................................................................................................................#
#....""..................................................................................................................................................................................................................................................#
#......""................................................................................................................................................................................................................................................#
#........""".............................................................................................................................................................................................................................................#
#..........."""..........................................................................................................................................................................................................................................#
#..............""""......................................................................................................................................................................................................................................#
#..................""""..................................................................................................................................................................................................................................#
#......................""""".............................................................................................................................................................................................................................#
#..........................."""..........................................................................................................................................................................................................................#
#...........................###..........................................................................................................................................................................................................................#
#..............................""".......................................................................................................................................................................................................................#
#................................#.......................................................................................................................................................................................................................#
#................................."""""..................................................................................................................................................................................................................#
#.............T........T..........#####..................................................................................................................................................................................................................#
#......................................""""".............................................................................................................................................................................................................#
#........................................................................................................................................................................................................................................................#
#........................................................................................................................................................................................................................................................#
#"""""""""""""""""""""""""""""""""""""""""".."""""""""""""#..............................................................................................................................................................................................#
#.........................................................#..............................................................................................................................................................................................#
#.........................................................#.......T....F.................................................................................................................................................................................#
#........................................"""""""..........#..............................................................................................................................................................................................#
#.................................."""""".......""""".....#............................TT................................................................................................................................................................#
#........""""""""""""""""".""""""...................."""""#..........................................TTT.................................................................................................................................................#
#...""""".................................................#""""""""""""""...J.....................................T.....TT...............................................................................................................................#
#"""......................................................#.............."""""""""..........J....................................TT.......T..............................................................................................................#
#......................"""""""""""""""""""""......................................"""""""""""""".........................................................................................................................................................#
#..........................................."""""""............................................."""""""""""""""..........................................................................................................................................#
#.................................................#............................................................""""""""""""".......................TTT...................................................................................................#
#.................................................#"""".....................................................................""""""""""""""""""...........................................................................................................#
#.....................................................#""""..............................................................................................................................................................................................#
#....................................................................................................................................................J...................................................................................................#
#.........................................................................................................................................""""""""""""""""...............................................................................................#
#...................................................................................................................................""""""...............................................................................................................#
#..............................................................................................................................."""".....................................................................................................................#
#..................................................................................................TTT...................."""""".........................................................................................................................#
#...................................................................................................................""""""...............................................................................................................................#
#....................................................................................TT........................""""".....................................................................................................................................#
#........................................................................................................."""""..........................................................................................................................................#
#...............................................................................................""""""""""...............................................................................................................................................#
#........................................................................................."""""".........................................................................................................................................................#
#.................................................................................""""""""...............................................................................................................................................................#
#........................................................T...................""""".......................................................................................................................................................................#
#......................................................................."""""............................................................................................................................................................................#
#...........................................T....................."""""".................................................................................................................................................................................#
#............................................................""""".......................................................................................................................................................................................#
#....................................................."""""""............................................................................................................................................................................................#
#........................TT.....................""""""...................................................................................................................................................................................................#
#.....................................J..""""""".........................................................................................................................................................................................................#
#..................................""""""................................................................................................................................................................................................................#
#............................""""""......................................................................................................................................................................................................................#
#......................""""""............................................................................................................................................................................................................................#
#...TTFTT........""""""..................................................................................................................................................................................................................................#
#..........."""""........................................................................................................................................................................................................................................#
#..............................T.........................................................................................................................................................................................................................#
#........................................................................................................................................................................................................................................................#
#""""""""""""""..........................................................................................................................................................................................................................................#
#.............."""""""""".....J.......................T..................................................................................................................................................................................................#
#........................""""""""""".....................................................................................................................................................................................................................#
#..................................."""""""".............................................................................................................................................................................................................#
#...........................................""""""".....................T................................................................................................................................................................................#
#..................................................""""""................................................................................................................................................................................................#
#........................................................""""""..........................................................................................................................................................................................#
#..............................................................""""""....................................................................................................................................................................................#
#....................................................................""""""".............................................................................................................................................................................#
#...........................................................................""""".....................T..................................................................................................................................................#
#................................................................................""""""..................................................................................................................................................................#
#......................................................................................"""""...........................T.................................................................................................................................#
#...........................................................................................""""""....J..........................T.......................................................................................................................#
#................................................................................................."""""""""..............................................................................................................................................#
#..........................................................................................................""""""""......................................................................................................................................#
#.................................................................................................................."""""""""..........................T..................................................................................................#
#...........................................................................................................................""""""""""...................................................................................................................#
#.....................................................................................................................................""""""""".....................T......T.............................................................................#
#..............................................................................................................................................""""......................................................................................................#
#..................................................................................................................................................""""""".....................................T.........................................................#
#........................................................................................................................................................."""""""".......................................................................................#
#................................................................................................................................................................."""""""""""".....J.....................................................................#
#............................................................................................................................................................................."""""""""""................................................................#
#........................................................................................................................................................................................""""""""""".....................................................#
#..................................................................................................................................................................................................."""".................................................#
#.......................................................................................................................................................................................................""""""...........................................#
#............................................................................................................................................................................................................."""""".....................T...............#
#...................................................................................................................................................................................................................""""""........................T......#
#........................................................................................................................................................................................................................."""""".........................#
#...............................................................................................................................................................................................................................""""""...................#
#....................................................................................................................................................................................................................................."""""""............#
#............................................................................................................................................................................................................................................""""""".....#
#........................................................................................................................................................................................................................................................#
#.....................................................................................................................................................................................................................................................J..#
#..............................................................................................................................................................................................................T...........................""""""""""""""#
#....................................................................................................................................................................................................................................""""""..............#
#..........................................................................................................................................................................................................................."""""""""....................#
#.......................................................................................................................................................................................T..........................""""""""".............................#
#........................................................................................................................................................................................................."""""""""......................................#
#.........................................................................................................................................................................T........................"""""""...............................................#
#..........................................................................................................................................................................................."""""""......................................................#
#.........................................................................................................................................................T..........................""""""".............................................................#
#............................................................................................................................................................................."""""""....................................................................#
#.....................................................................................................................................................................""""""""...........................................................................#
#.....................................................................................................................................T..................J....."""""""...................................................................................#
#....................................................................................................................................................."""""""""..........................................................................................#
#..........................................................................................................................T....................""""""...................................................................................................#
#........................................................................................................................................."""""".........................................................................................................#
#...................................................................................................................................""""""...............................................................................................................#
#..............................................................................................................................""""".....................................................................................................................#
#................................................................................................TTT.....................""""""..........................................................................................................................#
#..................................................................................................................""""""................................................................................................................................#
#..................................................................................TF........................""""""......................................................................................................................................#
#.................................................................................................J....""""""............................................................................................................................................#
#..........................................................................................J...""""""""..................................................................................................................................................#
#......................................................................................."""""""..........................................................................................................................................................#
#................................................................................""""""".................................................................................................................................................................#
#..........................................................................""""""........................................................................................................................................................................#
#.................................................FTF................""""""..............................................................................................................................................................................#
#................................................................""""....................................................................................................................................................................................#
#..........................................................."""""........................................................................................................................................................................................#
#......................................................""""".............................................................................................................................................................................................#
#............................................J...""""""..................................................................................................................................................................................................#
#.....................TT...................""""""........................................................................................................................................................................................................#
#....................................""""""..............................................................................................................................................................................................................#
#.............................."""""".................................................................................................................................................................................T..................................#
#........................."""""..........................................................................................................................................................................................................................#
#...................."""""...............................................................................................................................................................................................................................#
#................""""....................................................................................................................................................................................................................................#
#............""""........................T.................T..............TF.......T................TTFT.............T........TTT.........T.T............TT..................FT..............TF..........T..........."""............F........T...........#
#........"""".......................................................................................................................................................................................................R#.#c................................#
#....""""........................................................................................................................................................................................................""""#.#"""".............................#
#.....................................J....................................................J.............................................................................................................................................................#
#............."""""""""""""""""""""""""""""""""""""""""".""""""""""""""""""""""""""""""""""""""""""""""""""""""""""""""""""""""""""""""""""""""""""""""""""""""""""""""""""""""""""""""""""""""""""""""""""""""""""""""""""""""""""""""""""""""""""""""""#
#""""""""""""".........................................#.....#...........................................................................................................................................................................................#
#......................................................####..#...........................................................................................................................................................................................#
#.........................................................#..#...........................................................................................................................................................................................#
#..............sS..........xxx.........##...c.....xx.......................................J.........hmh................................................Sgs..............................................................................................#
#SH.............!!.....##################..#####..############.##################..##################################....JsJ..#######################.######.............................................................................................#
#44444446..7$$$$111...........................#xx...............................#..................................############.....................#....................................................................................................#
#.......#...........########...xx..............#####...........#HYSs............#........................................................................................................................................................................#
#.......#...................######....####.....S....#..........###########......#.................................................................Ssxxxxxx...............................................................................................#
#.......##############xx.....................Yhgm...####.................####..................................."""""""""""""""""""""""""""""""""""""""""""""""""""""....................................................................................#
#....................###........#####....########........xx.................#####..........................xx...#...................................................#""""................................................................................#
#...............g..........###....................##########..............................................""""""#.........................................H.............#""".............................................................................#
#.......###....###......................#...................#.xx.....................................xxx."...............................................SsS...............#"""".........C...............................................................#
#......H####.....#.....###.............#....................#####.......###############............""""""#...............h..............................ghmY...................#"""""""""""""""""""""....................................................#
#....####.###.....##.............#####............g...............#.xx........................xxx.................gS..s..@..@@..m.......................@@@@........................................#""""................................................#
#.........#.........#............................###...............#####....................."""""..........S.....@@..@........@@....................@@@................................................#""""""".........................................#
#.........#..........#........#####.....................................#..............xxxx................@@@..@@.................@@.@.@.@..@@.@@@@@..........................................................#""""""..h................................#
#.........#...........##.......................s.........................###..........."""""......@@@.@@@.@..........................................................................................................#"""""".............................#
#.........#..............##.......####################....................##...xxxxx.......................................................................................................................................#"""""".......................#
#h...........................###.......c.......................................""""""""..........................................................................................................................................#"""""".................#
#"...............................S...#####.............................."""""""#......................................................................h................................................................................#""""""...........#
............#...................hmh...................................""#...........................................................................""""".................................................................................................
.....m...#####...xxxxsxxxxx"...""""".............................................................................hcm................................#####"sS..............................................................................................
######"""#####""""""""""""""""""""""""""""""""""""""""""""""""""""""""""""""""""""""""""""""""""""""""""""""""""""""""""""""""""""""""".."""""""""""######"""""""""""""""""""""""""""""""""""""""""""""""""""""""""""""""""""""""""""""""""""""""""""""""#
