#........................................................................................................................................................................................................................................................#
#........................................................................................................................................................................................................................................................#
#..............................S....s....................................................................................................................................................................................................................#
#..............................^....^............................................s.......................................................................................................................................................................#
#..............................^....^....................................................................................................................................................................................................................#
#...........................xxx^....^...""...c.....xx.................................................hmh................................................Sgs.............................................................................................#
#Ss.........c.........."""""""""""""""""#.."""""..""""""""""""""""""""""""""""""".."""""""""""""""""""""""""""""""""".....s..."""""""""""""""""""""""""""""""""""""""""""""""""""""""....................""".............................................#
#4444444444444444444..........................#xx..................................................................##"".....""#.....................................................#""""""""""""""""""""###"""""""""""""""""""""".......................#
#..................."..........xx..............""""".............................""......................................""".....................................................................................................#"".....................#
#.S...mh.....................""""".............S...."..............................................................................................sxxxxxx.........................................................................#""...................#
#""""""""."""""""""""""""""""#................hgm...#"""........................................................"""""""""""""""""""""""""""""""""""""""""""..........................................................................#"".................#
#...................##########"""""""....""..""""........xx................................................xx...#.........................................#............................................................................#""...............#
#........Y......g....................""................."""".....................C........................"""#............................................#..."""""""""""""""""""""""""""""""""""""""""""""..............................#"".............#
#........""....""......................""...................".xx.....................................xxx."................................................#...............................................#................................#""...........#
#..................C....................."".................."""""................................."""""".................@...............................#..................................................................................#"""""""""""#
#....""""""""""""""""""....................""""...g...............".xx........................xxx........C........gS..s..@..@@..m.........................#..............................................................................................#
#..""#................#xsSx......................"""""............."""""....................."""""......SHs.......@@..@........@@@........................#..............................................."""""""........................................#
#.....................#""""."""".""..................."""".............."..............xxxx.........@@@@@@@@@@.....................@@.@.@.@..@@.@@........#...............................................#.....#""""""..................................#
#.........................."....".......Y......s..........""""..........."""..........."""""........................................................".....#...............................................#...........#"""...............................#
#................................""".."""""."""""............."""""........."...x.xxx...............................................................#"....#...............................................#..............#"""............................#
#xhx.........................""".....c............................."""........."""""""".............................................................##"...#...............................................#.................#""".........................#
#"""""#.............................."""................................""""""".....................................................................###"..................................................#....................#"""......................#
##..............................hmh...................................""............................................................................####".................................................#.......................#""""".................#
##......."""""................."""""..................................................c..........................hc...........................hc....#####"................................................#............................#"""""""""".......#
##"""""""#####"""""""""""""""""#####""""""""................."""""""""""""""""""""""""""""""""""""""""""""""""""""""""""""""""""""""""""""""""""""""######""""""""""""""""""""""""""""""""""""""""""""""""#......................................#"""""""#
#...........................................""...............#...........................................................................................................................................................................................#
#............................................."".............#...........................................................................................................................................................................................#
#...............................................""...........#...........................................................................................................................................................................................#
#................................................."".........#...........................................................................................................................................................................................#
#...................................................""..h....#.................................^..^......................................................................................................................................................#
#.....................................................""""#..#................^................^..^...............................................................................................................h......................................#
#.........................................................#..#................^................^..^...............................................................................................................^......................................#
#.........................................................#..#................^................^..^............................................................................................................^..^..^...................................#
#.........................................................#..#.H..............^................^xx^............................................................................................................^..^..^...................................#
#.........................................................#..#YCY.............^..........."""""""""""""".......................................................................................................^..^..^...................................#
#.........................................................#..#""""""""""""""""""""""""""""##############"""""""""""""""""""""""""""""""""""""""""""""""""""""""""""""""""""""""""""""""""""""""""""""""""""""""""""""""""""""""""""""""""""""""""""""""""#
#.........................................................#..#...........................................................................................................................................................................................#
#.........................................................#..#...........................................................................................................................................................................................#
#.........................................................#.m#...........................................................................................................................................................................................#
#.........................................................#.##...........................................................................................................................................................................................#
#.........................................................#..#...........................................................................................................................................................................................#
#.........................................................#..#...........................................................................................................................................................................................#
#.........................................................#..#...........................................................................................................................................................................................#
#.........................................................#..#...........................................................................................................................................................................................#
#.........................................................#..#...........................................................................................................................................................................................#
#.........................................................#..#...........................................................................................................................................................................................#
#.........................................................#..#...........................................................................................................................................................................................#
#.........................................................#..#...........................................................................................................................................................................................#
#.........................................................#..#...........................................................................................................................................................................................#
#.........................................................#g.#...........................................................................................................................................................................................#
#.........................................................##.#...........................................................................................................................................................................................#
#.........................................................#..#...........................................................................................................................................................................................#
#.........................................................#..#...........................................................................................................................................................................................#
#.........................................................#..#...........................................................................................................................................................................................#
#.........................................................#..#...........................................................................................................................................................................................#
#.........................................................#..#...........................................................................................................................................................................................#
#.........................................................#..#...........................................................................................................................................................................................#
#.........................................................#..#...........................................................................................................................................................................................#
#.........................................................#..#...........................................................................................................................................................................................#
#.........................................................#..#...........................................................................................................................................................................................#
#.........................................................#..#...........................................................................................................................................................................................#
#.........................................................#..#...........................................................................................................................................................................................#
#.........................................................#..#...........................................................................................................................................................................................#
#.........................................................#..#...........................................................................................................................................................................................#
#.........................................................#..#...........................................................................................................................................................................................#
#.........................................................#..#...........................................................................................................................................................................................#
#.........................................................#..#...........................................................................................................................................................................................#
#.........................................................#..#...........................................................................................................................................................................................#
#.........................................................#..#...........................................................................................................................................................................................#
#.........................................................#..#...........................................................................................................................................................................................#
#.........................................................#..#...........................................................................................................................................................................................#
#.........................................................#..#...........................................................................................................................................................................................#
#.........................................................#..#...........................................................................................................................................................................................#
#.........................................................#.s#...........................................................................................................................................................................................#
#.........................................................#.h#...........................................................................................................................................................................................#
#.........................................................#.##...........................................................................................................................................................................................#
#.........................................................#..#...........................................................................................................................................................................................#
#.........................................................#..#...........................................................................................................................................................................................#
#.........................................................#..#...........................................................................................................................................................................................#
#.........................................................#..#...........................................................................................................................................................................................#
#.........................................................#..#...........................................................................................................................................................................................#
#.........................................................#..#...........................................................................................................................................................................................#
#.........................................................#..#...........................................................................................................................................................................................#
#.........................................................#..#...........................................................................................................................................................................................#
#.........................................................#..#...........................................................................................................................................................................................#
#.........................................................#..#...........................................................................................................................................................................................#
#.........................................................#..#...........................................................................................................................................................................................#
#.........................................................#..#...........................................................................................................................................................................................#
#.........................................................#..#...........................................................................................................................................................................................#
#.........................................................#..#...........................................................................................................................................................................................#
#.........................................................#..#...........................................................................................................................................................................................#
#.........................................................#..#...........................................................................................................................................................................................#
#.........................................................#..#...........................................................................................................................................................................................#
#.........................................................#..#...........................................................................................................................................................................................#
#.........................................................#..#...........................................................................................................................................................................................#
#.........................................................#..#...........................................................................................................................................................................................#
#.........................................................#..#...........................................................................................................................................................................................#
#.........................................................#..#...........................................................................................................................................................................................#
#.........................................................#..#...........................................................................................................................................................................................#
#.........................................................#..#...........................................................................................................................................................................................#
#.........................................................#..#...........................................................................................................................................................................................#
#.........................................................#..#...........................................................................................................................................................................................#
#.........................................................#..#...........................................................................................................................................................................................#
#.........................................................#..#...........................................................................................................................................................................................#
#.........................................................#..#...........................................................................................................................................................................................#
#.........................................................#S.#...........................................................................................................................................................................................#
#.........................................................#m.#...........................................................................................................................................................................................#
#.........................................................##.#...........................................................................................................................................................................................#
#.........................................................#..#...........................................................................................................................................................................................#
#.........................................................#..#...........................................................................................................................................................................................#
#.........................................................#..#...........................................................................................................................................................................................#
#.........................................................#..#...........................................................................................................................................................................................#
#.........................................................#..#...........................................................................................................................................................................................#
#.........................................................#..#...........................................................................................................................................................................................#
#.........................................................#..#...........................................................................................................................................................................................#
#.........................................................#..#...........................................................................................................................................................................................#
#.........................................................#.Y#...........................................................................................................................................................................................#
#.........................................................#.##...........................................................................................................................................................................................#
#.........................................................#.H#...........................................................................................................................................................................................#
#.........................................................#..#...........................................................................................................................................................................................#
#.........................................................#..#...........................................................................................................................................................................................#
#.........................................................#..#...........................................................................................................................................................................................#
#.........................................................#..#...........................................................................................................................................................................................#
#.........................................................#..#...........................................................................................................................................................................................#
#.........................................................#..#...........................................................................................................................................................................................#
#.........................................................#..#...........................................................................................................................................................................................#
#.........................................................#..#...........................................................................................................................................................................................#
#.........................................................#..#...........................................................................................................................................................................................#
#.........................................................#..#...........................................................................................................................................................................................#
#.........................................................#..#...........................................................................................................................................................................................#
#.........................................................#..#...........................................................................................................................................................................................#
#.........................................................#..#...........................................................................................................................................................................................#
#.........................................................#..#...........................................................................................................................................................................................#
#.........................................................#..#...........................................................................................................................................................................................#
#.........................................................#..#...........................................................................................................................................................................................#
#.........................................................#..#...........................................................................................................................................................................................#
#.........................................................#..#...........................................................................................................................................................................................#
#.........................................................#..#...........................................................................................................................................................................................#
#.........................................................#..#...........................................................................................................................................................................................#
#.........................................................#..#...........................................................................................................................................................................................#
#.........................................................#..#...........................................................................................................................................................................................#
#.........................................................#..#...........................................................................................................................................................................................#
#.........................................................#..#...........................................................................................................................................................................................#
#.........................................................#..#...........................................................................................................................................................................................#
#.........................................................#..#...........................................................................................................................................................................................#
#.........................................................#..#...........................................................................................................................................................................................#
#.........................................................#..#...........................................................................................................................................................................................#
#.........................................................#..#...........................................................................................................................................................................................#
#.........................................................#..#...........................................................................................................................................................................................#
#.........................................................#..#...........................................................................................................................................................................................#
#.........................................................#..#...........................................................................................................................................................................................#
#.........................................................#..#...........................................................................................................................................................................................#
#.........................................................#..#...........................................................................................................................................................................................#
#.........................................................#..#...........................................................................................................................................................................................#
#.........................................................#..#...........................................................................................................................................................................................#
#.........................................................#..#...........................................................................................................................................................................................#
#.........................................................#..#...........................................................................................................................................................................................#
#.........................................................#..#...........................................................................................................................................................................................#
#.........................................................#..#...........................................................................................................................................................................................#
#.........................................................#..#...........................................................................................................................................................................................#
#.........................................................#..#...........................................................................................................................................................................................#
#.........................................................#..#...........................................................................................................................................................................................#
#.........................................................#..#...........................................................................................................................................................................................#
#.........................................................#..#...........................................................................................................................................................................................#
#.........................................................#..#...........................................................................................................................................................................................#
#.........................................................#..#...........................................................................................................................................................................................#
#.........................................................#..#...........................................................................................................................................................................................#
#.........................................................#..#...........................................................................................................................................................................................#
#.........................................................#..#...........................................................................................................................................................................................#
#.........................................................#..#...........................................................................................................................................................................................#
#.........................................................#..#...........................................................................................................................................................................................#
#.........................................................#..#...........................................................................................................................................................................................#
#.........................................................#..#.......................................................................................................................................................""".................................#
#......................................................####..#......................................................................................................................................................R#.#c................................#
#......................................................#.........................................................................................................................................................""""#.#"""".............................#
#......................................................#.................................................................................................................................................................................................#
#......................................................#.#################################################################################################################################################################################################
#......................................................#.....#...........................................................................................................................................................................................#
#......................................................####..#...........................................................................................................................................................................................#
#.........................................................#..#...........................................................................................................................................................................................#
#..............sS..........xxx.........##...c.....xx.................................................hmh................................................Sgs..............................................................................................#
#SH.............!!.....##################..#####..############.##################..##################################.....s...#######################.######.............................................................................................#
#44444446..7$$$$111...........................#xx...............................#..................................############.....................#....................................................................................................#
#.......#...........########...xx..............#####...........#HYSs............#........................................................................................................................................................................#
#.......#...................######....####.....S....#..........###########......#.................................................................Ssxxxxxx...............................................................................................#
#.......##############xx.....................Yhgm...####.................####..................................."""""""""""""""""""""""""""""""""""""""""""""""""""""....................................................................................#
#....................###........#####....########........xx.................#####..........................xx...#...................................................#""""................................................................................#
#...............g..........###....................##########..............................................""""""#.........................................H.............#""".............................................................................#
#.......###....###......................#...................#.xx.....................................xxx."...............................................SsS...............#"""".........C...............................................................#
#......H####.....#.....###.............#....................#####.......###############............""""""#...............h..............................ghmY...................#"""""""""""""""""""""....................................................#
#....####.###.....##.............#####............g...............#.xx........................xxx.................gS..s..@..@@..m.......................@@@@........................................#""""................................................#
#.........#.........#............................###...............#####....................."""""..........S.....@@..@........@@....................@@@................................................#""""""".........................................#
#.........#..........#........#####.....................................#..............xxxx................@@@..@@.................@@.@.@.@..@@.@@@@@..........................................................#""""""..h................................#
#.........#...........##.......................s.........................###..........."""""......@@@.@@@.@..........................................................................................................#"""""".............................#
#.........#..............##.......####################....................##...xxxxx.......................................................................................................................................#"""""".......................#
#h...........................###.......c.......................................""""""""..........................................................................................................................................#"""""".................#
#"g..............................S...#####.............................."""""""#......................................................................h................................................................................#""""""...........#
###Y............................hmh...................................""#..........................................................................."""""................................................................................................#
#####m.........................""""".............................................................................hcm................................#####"sS.............................................................................................#
######"""#####""""""""""""""""""""""""""""""""""""""""""""""""""""""""""""""""""""""""""""""""""""""""""""""""""""""""""""""""""""""""""""""""""""""######"""""""""""""""""""""""""""""""""""""""""""""""""""""""""""""""""""""""""""""""""""""""""""""""#
